******************************************************************************
                  TI ARM Linker PC v20.2.0                     
******************************************************************************
>> Linked Wed Jun  3 11:00:00 2020

OUTPUT FILE NAME:   <DoorCtrl-NHP.out>
ENTRY POINT SYMBOL: "_c_int00_noargs"  address: 0000091d


MEMORY CONFIGURATION

         name            origin    length      used     unused   attr    fill
----------------------  --------  ---------  --------  --------  ----  --------
  FLASH                 00000000   00040000  00000ac2  0003f53e  R  X
  SRAM                  20000000   00008000  00000210  00007df0  RW X


SEGMENT ALLOCATION MAP

run origin  load origin   length   init length attrs members
----------  ----------- ---------- ----------- ----- -------
00000000    00000000    00000ac4   00000ac4    r-x
  00000000    00000000    0000026c   0000026c    r-- .intvecs
  0000026c    0000026c    000007d6   000007d6    r-x .text
  00000a44    00000a44    0000006c   0000006c    r-- .const
  00000ab0    00000ab0    00000014   00000014    r-- .cinit
20000000    20000000    00000210   00000000    rw-
  20000000    20000000    00000200   00000000    rw- .stack
  20000200    20000200    00000010   00000000    rw- .bss


SECTION ALLOCATION MAP

 output                                  attributes/
section   page    origin      length       input sections
--------  ----  ----------  ----------   ----------------
.intvecs   0    00000000    0000026c     
                  00000000    0000026c     tm4c123gh6pm_startup_ccs.obj (.intvecs)

.text      0    0000026c    000007d6     
                  0000026c    00000220     state.obj (.text)
                  0000048c    0000016c     driverlib.lib : gpio.obj (.text:GPIOPadConfigSet)
                  000005f8    00000118                   : sysctl.obj (.text:SysCtlClockGet)
                  00000710    000000f4                   : sysctl.obj (.text:SysCtlClockSet)
                  00000804    00000054     GPIO_PORTF.obj (.text)
                  00000858    0000004c     main.obj (.text)
                  000008a4    00000044     rtsv7M4_T_le_v4SPD16_eabi.lib : autoinit.c.obj (.text:__TI_auto_init_nobinit_nopinit:__TI_auto_init_nobinit_nopinit)
                  000008e8    00000034     driverlib.lib : sysctl.obj (.text:SysCtlPeripheralEnable)
                  0000091c    00000034     rtsv7M4_T_le_v4SPD16_eabi.lib : boot_cortex_m.c.obj (.text:_c_int00_noargs:_c_int00_noargs)
                  00000950    0000002c     driverlib.lib : gpio.obj (.text:GPIODirModeSet)
                  0000097c    0000001c     rtsv7M4_T_le_v4SPD16_eabi.lib : copy_zero_init.c.obj (.text:decompress:ZI:__TI_zero_init_nomemset:__TI_zero_init_nomemset)
                  00000998    0000001a     driverlib.lib : gpio.obj (.text:GPIOPinTypeGPIOOutput)
                  000009b2    00000016                   : gpio.obj (.text:GPIOPinTypeGPIOInput)
                  000009c8    00000014                   : systick.obj (.text:SysTickEnable)
                  000009dc    00000014                   : systick.obj (.text:SysTickIntEnable)
                  000009f0    00000010                   : interrupt.obj (.text:IntMasterEnable)
                  00000a00    00000010                   : systick.obj (.text:SysTickPeriodSet)
                  00000a10    0000000c                   : cpu.obj (.text:CPUcpsie)
                  00000a1c    0000000c     tm4c123gh6pm_startup_ccs.obj (.text)
                  00000a28    00000006     driverlib.lib : gpio.obj (.text:GPIOPinRead)
                  00000a2e    00000006                   : gpio.obj (.text:GPIOPinWrite)
                  00000a34    00000006                   : sysctl.obj (.text:SysCtlDelay)
                  00000a3a    00000004     rtsv7M4_T_le_v4SPD16_eabi.lib : pre_init.c.obj (.text:_system_pre_init)
                  00000a3e    00000004                                   : exit.c.obj (.text:abort:abort)

.const     0    00000a44    0000006c     
                  00000a44    0000006c     driverlib.lib : sysctl.obj (.const:g_pui32Xtals)

.cinit     0    00000ab0    00000014     
                  00000ab0    00000008     (.cinit..bss.load) [load image, compression = zero_init]
                  00000ab8    00000004     (__TI_handler_table)
                  00000abc    00000008     (__TI_cinit_table)

.init_array 
*          0    00000000    00000000     UNINITIALIZED

.bss       0    20000200    00000010     UNINITIALIZED
                  20000200    00000010     state.obj (.bss)

.stack     0    20000000    00000200     UNINITIALIZED
                  20000000    00000004     rtsv7M4_T_le_v4SPD16_eabi.lib : boot_cortex_m.c.obj (.stack)
                  20000004    000001fc     --HOLE--

__llvm_prf_cnts 
*          0    20000000    00000000     UNINITIALIZED

MODULE SUMMARY

       Module                         code   ro data   rw data
       ------                         ----   -------   -------
    .\
       tm4c123gh6pm_startup_ccs.obj   12     620       0      
       main.obj                       76     0         0      
    +--+------------------------------+------+---------+---------+
       Total:                         88     620       0      
                                                              
    .\GPIO\
       GPIO_PORTF.obj                 84     0         0      
    +--+------------------------------+------+---------+---------+
       Total:                         84     0         0      
                                                              
    .\State\
       state.obj                      544    0         16     
    +--+------------------------------+------+---------+---------+
       Total:                         544    0         16     
                                                              
    C:/ti/TivaWare_C_Series-2.2.0.295/driverlib/ccs/Debug/driverlib.lib
       sysctl.obj                     582    108       0      
       gpio.obj                       468    0         0      
       systick.obj                    56     0         0      
       interrupt.obj                  16     0         0      
       cpu.obj                        12     0         0      
    +--+------------------------------+------+---------+---------+
       Total:                         1134   108       0      
                                                              
    C:\ti\ccs1000\ccs\tools\compiler\ti-cgt-arm_20.2.0.LTS\lib\rtsv7M4_T_le_v4SPD16_eabi.lib
       autoinit.c.obj                 68     0         0      
       boot_cortex_m.c.obj            52     0         0      
       copy_zero_init.c.obj           28     0         0      
       exit.c.obj                     4      0         0      
       pre_init.c.obj                 4      0         0      
    +--+------------------------------+------+---------+---------+
       Total:                         156    0         0      
                                                              
       Stack:                         0      0         512    
       Linker Generated:              0      20        0      
    +--+------------------------------+------+---------+---------+
       Grand Total:                   2006   748       528    


LINKER GENERATED COPY TABLES

__TI_cinit_table @ 00000abc records: 1, size/record: 8, table size: 8
	.bss: load addr=00000ab0, load size=00000008 bytes, run addr=20000200, run size=00000010 bytes, compression=zero_init


LINKER GENERATED HANDLER TABLE

__TI_handler_table @ 00000ab8 records: 1, size/record: 4, table size: 4
	index: 0, handler: __TI_zero_init


GLOBAL SYMBOLS: SORTED ALPHABETICALLY BY Name 

address   name                          
-------   ----                          
00000a3f  C$$EXIT                       
00000a11  CPUcpsie                      
00000805  Config_LED_F                  
00000833  Config_SWITCH                 
00000951  GPIODirModeSet                
0000048d  GPIOPadConfigSet              
00000a29  GPIOPinRead                   
000009b3  GPIOPinTypeGPIOInput          
00000999  GPIOPinTypeGPIOOutput         
00000a2f  GPIOPinWrite                  
000009f1  IntMasterEnable               
00000a1d  ResetISR                      
000005f9  SysCtlClockGet                
00000711  SysCtlClockSet                
00000a35  SysCtlDelay                   
000008e9  SysCtlPeripheralEnable        
000009c9  SysTickEnable                 
000009dd  SysTickIntEnable              
00000441  SysTickIntHandler             
00000a01  SysTickPeriodSet              
20000200  __STACK_END                   
00000200  __STACK_SIZE                  
20000200  __STACK_TOP                   
00000abc  __TI_CINIT_Base               
00000ac4  __TI_CINIT_Limit              
00000ab8  __TI_Handler_Table_Base       
00000abc  __TI_Handler_Table_Limit      
000008a5  __TI_auto_init_nobinit_nopinit
ffffffff  __TI_pprof_out_hndl           
ffffffff  __TI_prof_data_size           
ffffffff  __TI_prof_data_start          
00000000  __TI_static_base__            
0000097d  __TI_zero_init_nomemset       
ffffffff  __binit__                     
ffffffff  __c_args__                    
UNDEFED   __mpu_init                    
20000000  __stack                       
20000000  __start___llvm_prf_cnts       
20000000  __stop___llvm_prf_cnts        
0000091d  _c_int00_noargs               
UNDEFED   _system_post_cinit            
00000a3b  _system_pre_init              
00000a3f  abort                         
ffffffff  binit                         
0000042f  doorCtrl                      
0000032b  doorStateMachineUpdate        
00000000  g_pfnVectors                  
0000041f  initDoorState                 
00000427  initLedState                  
00000417  initmotionState               
000003a9  ledStateMachineUpdate         
00000859  main                          
0000026d  motionSensor                  
00000281  motionStateMachineUpdate      


GLOBAL SYMBOLS: SORTED BY Symbol Address 

address   name                          
-------   ----                          
00000000  __TI_static_base__            
00000000  g_pfnVectors                  
00000200  __STACK_SIZE                  
0000026d  motionSensor                  
00000281  motionStateMachineUpdate      
0000032b  doorStateMachineUpdate        
000003a9  ledStateMachineUpdate         
00000417  initmotionState               
0000041f  initDoorState                 
00000427  initLedState                  
0000042f  doorCtrl                      
00000441  SysTickIntHandler             
0000048d  GPIOPadConfigSet              
000005f9  SysCtlClockGet                
00000711  SysCtlClockSet                
00000805  Config_LED_F                  
00000833  Config_SWITCH                 
00000859  main                          
000008a5  __TI_auto_init_nobinit_nopinit
000008e9  SysCtlPeripheralEnable        
0000091d  _c_int00_noargs               
00000951  GPIODirModeSet                
0000097d  __TI_zero_init_nomemset       
00000999  GPIOPinTypeGPIOOutput         
000009b3  GPIOPinTypeGPIOInput          
000009c9  SysTickEnable                 
000009dd  SysTickIntEnable              
000009f1  IntMasterEnable               
00000a01  SysTickPeriodSet              
00000a11  CPUcpsie                      
00000a1d  ResetISR                      
00000a29  GPIOPinRead                   
00000a2f  GPIOPinWrite                  
00000a35  SysCtlDelay                   
00000a3b  _system_pre_init              
00000a3f  C$$EXIT                       
00000a3f  abort                         
00000ab8  __TI_Handler_Table_Base       
00000abc  __TI_CINIT_Base               
00000abc  __TI_Handler_Table_Limit      
00000ac4  __TI_CINIT_Limit              
20000000  __stack                       
20000000  __start___llvm_prf_cnts       
20000000  __stop___llvm_prf_cnts        
20000200  __STACK_END                   
20000200  __STACK_TOP                   
ffffffff  __TI_pprof_out_hndl           
ffffffff  __TI_prof_data_size           
ffffffff  __TI_prof_data_start          
ffffffff  __binit__                     
ffffffff  __c_args__                    
ffffffff  binit                         
UNDEFED   __mpu_init                    
UNDEFED   _system_post_cinit            

[54 symbols]
